#-----------------------------------------------------------
# Webtalk v2017.2 (64-bit)
# SW Build 1909853 on Thu Jun 15 18:39:09 MDT 2017
# IP Build 1909766 on Thu Jun 15 19:58:00 MDT 2017
# Start of session at: Tue Nov 21 13:30:33 2017
# Process ID: 8748
# Current directory: C:/Users/kjones/Desktop/examples/box_with_background/box_with_background.sim/sim_1/behav
# Command line: wbtcv.exe -mode batch -source C:/Users/kjones/Desktop/examples/box_with_background/box_with_background.sim/sim_1/behav/xsim.dir/bouncing_box_behav/webtalk/xsim_webtalk.tcl -notrace
# Log file: C:/Users/kjones/Desktop/examples/box_with_background/box_with_background.sim/sim_1/behav/webtalk.log
# Journal file: C:/Users/kjones/Desktop/examples/box_with_background/box_with_background.sim/sim_1/behav\webtalk.jou
#-----------------------------------------------------------
source C:/Users/kjones/Desktop/examples/box_with_background/box_with_background.sim/sim_1/behav/xsim.dir/bouncing_box_behav/webtalk/xsim_webtalk.tcl -notrace
